
[1m[46m RUN [49m[22m [36mv4.0.18 [39m[90mC:/Users/dear_/OneDrive/Desktop/filevora[39m

[90mstdout[2m | frontend/test/reproduce_duplication.test.ts[2m > [22m[2m≡ƒº¬ PPTX Text Duplication & Attributes Test[2m > [22m[2mΓ£ö should respect showMasterSp="0" (Hide Background Graphics)
[22m[39m[PptxExtractor] Loading theme from: ppt/theme/theme1.xml

[90mstdout[2m | frontend/test/reproduce_duplication.test.ts[2m > [22m[2m≡ƒº¬ PPTX Text Duplication & Attributes Test[2m > [22m[2mΓ£ö should respect showMasterSp="1" or default (Show Background Graphics)
[22m[39m[PptxExtractor] Loading theme from: ppt/theme/theme1.xml

 [31mΓ¥»[39m frontend/test/reproduce_duplication.test.ts [2m([22m[2m2 tests[22m[2m | [22m[31m2 failed[39m[2m)[22m[32m 62[2mms[22m[39m
[31m     [31m├ù[31m Γ£ö should respect showMasterSp="0" (Hide Background Graphics)[39m[32m 48[2mms[22m[39m
[31m     [31m├ù[31m Γ£ö should respect showMasterSp="1" or default (Show Background Graphics)[39m[32m 12[2mms[22m[39m
node.exe : 
At line:1 char:1
+ & "C:\Program Files\nodejs/node.exe" "C:\Program Files\nodejs/node_mo ...
+ ~~~~~~~~~~~~~~~~~~~~~~~~~~~~~~~~~~~~~~~~~~~~~~~~~~~~~~~~~~~~~~~~~~~~~
    + CategoryInfo          : NotSpecified: (:String) [], RemoteException
    + FullyQualifiedErrorId : NativeCommandError
 
[31mΓÄ»ΓÄ»ΓÄ»ΓÄ»ΓÄ»ΓÄ»ΓÄ»[39m[1m[41m Failed Tests 2 
[49m[22m[31mΓÄ»ΓÄ»ΓÄ»ΓÄ»ΓÄ»ΓÄ»ΓÄ»[39m

[41m[1m FAIL [22m[49m frontend/test/reproduce_duplication.test.ts[2m > 
[22m≡ƒº¬ PPTX Text Duplication & Attributes Test[2m > [22mΓ£ö should respect 
showMasterSp="0" (Hide Background Graphics)
[31m[1mReferenceError[22m: Document is not defined[39m
[36m [2mΓ¥»[22m PptxDataExtractor.findChild 
frontend/lib/pptx-data-extractor.ts:[2m2885:45[22m[39m
    [90m2883| [39m    private findChild(parent: Element | Document | null, 
localName: stΓÇª
    [90m2884| [39m        if (!parent) return null;
    [90m2885| [39m        const children = (parent instanceof Document) ? 
parent.childNoΓÇª
    [90m   | [39m                                            [31m^[39m
    [90m2886| [39m        if (!children) return null;
    [90m2887| [39m        for (let i = 0; i < children.length; i++) {
[90m [2mΓ¥»[22m PptxDataExtractor.loadTheme 
frontend/lib/pptx-data-extractor.ts:[2m2750:38[22m[39m
[90m [2mΓ¥»[22m PptxDataExtractor.extractSlides 
frontend/lib/pptx-data-extractor.ts:[2m253:9[22m[39m
[90m [2mΓ¥»[22m frontend/test/reproduce_duplication.test.ts:[2m187:28[22m[39m

[31m[2mΓÄ»ΓÄ»ΓÄ»ΓÄ»ΓÄ»ΓÄ»ΓÄ»ΓÄ»ΓÄ»ΓÄ»ΓÄ»ΓÄ»ΓÄ»ΓÄ»ΓÄ»ΓÄ»ΓÄ»ΓÄ»ΓÄ»ΓÄ»ΓÄ»ΓÄ»ΓÄ»ΓÄ»[1/2
]ΓÄ»[22m[39m

[41m[1m FAIL [22m[49m frontend/test/reproduce_duplication.test.ts[2m > 
[22m≡ƒº¬ PPTX Text Duplication & Attributes Test[2m > [22mΓ£ö should respect 
showMasterSp="1" or default (Show Background Graphics)
[31m[1mReferenceError[22m: Document is not defined[39m
[36m [2mΓ¥»[22m PptxDataExtractor.findChild 
frontend/lib/pptx-data-extractor.ts:[2m2885:45[22m[39m
    [90m2883| [39m    private findChild(parent: Element | Document | null, 
localName: stΓÇª
    [90m2884| [39m        if (!parent) return null;
    [90m2885| [39m        const children = (parent instanceof Document) ? 
parent.childNoΓÇª
    [90m   | [39m                                            [31m^[39m
    [90m2886| [39m        if (!children) return null;
    [90m2887| [39m        for (let i = 0; i < children.length; i++) {
[90m [2mΓ¥»[22m PptxDataExtractor.loadTheme 
frontend/lib/pptx-data-extractor.ts:[2m2750:38[22m[39m
[90m [2mΓ¥»[22m PptxDataExtractor.extractSlides 
frontend/lib/pptx-data-extractor.ts:[2m253:9[22m[39m
[90m [2mΓ¥»[22m frontend/test/reproduce_duplication.test.ts:[2m212:28[22m[39m

[31m[2mΓÄ»ΓÄ»ΓÄ»ΓÄ»ΓÄ»ΓÄ»ΓÄ»ΓÄ»ΓÄ»ΓÄ»ΓÄ»ΓÄ»ΓÄ»ΓÄ»ΓÄ»ΓÄ»ΓÄ»ΓÄ»ΓÄ»ΓÄ»ΓÄ»ΓÄ»ΓÄ»ΓÄ»[2/2
]ΓÄ»[22m[39m


[2m Test Files [22m [1m[31m1 failed[39m[22m[90m (1)[39m
[2m      Tests [22m [1m[31m2 failed[39m[22m[90m (2)[39m
[2m   Start at [22m 00:41:15
[2m   Duration [22m 1.84s[2m (transform 216ms, setup 0ms, import 1.57s, tests 62ms, environment 0ms)[22m

